Archive member included to satisfy reference by file (symbol)

c:/program files (x86)/atmel/studio/7.0/toolchain/avr8/avr8-gnu-toolchain/bin/../lib/gcc/avr/5.4.0/../../../../avr/lib/avr5\libm.a(addsf3.o)
                              application/Fire_System.o (__subsf3)
c:/program files (x86)/atmel/studio/7.0/toolchain/avr8/avr8-gnu-toolchain/bin/../lib/gcc/avr/5.4.0/../../../../avr/lib/avr5\libm.a(addsf3x.o)
                              c:/program files (x86)/atmel/studio/7.0/toolchain/avr8/avr8-gnu-toolchain/bin/../lib/gcc/avr/5.4.0/../../../../avr/lib/avr5\libm.a(addsf3.o) (__addsf3x)
c:/program files (x86)/atmel/studio/7.0/toolchain/avr8/avr8-gnu-toolchain/bin/../lib/gcc/avr/5.4.0/../../../../avr/lib/avr5\libm.a(cmpsf2.o)
                              application/Fire_System.o (__eqsf2)
c:/program files (x86)/atmel/studio/7.0/toolchain/avr8/avr8-gnu-toolchain/bin/../lib/gcc/avr/5.4.0/../../../../avr/lib/avr5\libm.a(divsf3.o)
                              application/Motors_Dashboard.o (__divsf3)
c:/program files (x86)/atmel/studio/7.0/toolchain/avr8/avr8-gnu-toolchain/bin/../lib/gcc/avr/5.4.0/../../../../avr/lib/avr5\libm.a(divsf3x.o)
                              c:/program files (x86)/atmel/studio/7.0/toolchain/avr8/avr8-gnu-toolchain/bin/../lib/gcc/avr/5.4.0/../../../../avr/lib/avr5\libm.a(divsf3.o) (__divsf3x)
c:/program files (x86)/atmel/studio/7.0/toolchain/avr8/avr8-gnu-toolchain/bin/../lib/gcc/avr/5.4.0/../../../../avr/lib/avr5\libm.a(fixsfsi.o)
                              application/Motors_Dashboard.o (__fixsfsi)
c:/program files (x86)/atmel/studio/7.0/toolchain/avr8/avr8-gnu-toolchain/bin/../lib/gcc/avr/5.4.0/../../../../avr/lib/avr5\libm.a(fixunssfsi.o)
                              application/RGB.o (__fixunssfsi)
c:/program files (x86)/atmel/studio/7.0/toolchain/avr8/avr8-gnu-toolchain/bin/../lib/gcc/avr/5.4.0/../../../../avr/lib/avr5\libm.a(floatsisf.o)
                              HAL/MQ_2.o (__floatunsisf)
c:/program files (x86)/atmel/studio/7.0/toolchain/avr8/avr8-gnu-toolchain/bin/../lib/gcc/avr/5.4.0/../../../../avr/lib/avr5\libm.a(fp_cmp.o)
                              c:/program files (x86)/atmel/studio/7.0/toolchain/avr8/avr8-gnu-toolchain/bin/../lib/gcc/avr/5.4.0/../../../../avr/lib/avr5\libm.a(cmpsf2.o) (__fp_cmp)
c:/program files (x86)/atmel/studio/7.0/toolchain/avr8/avr8-gnu-toolchain/bin/../lib/gcc/avr/5.4.0/../../../../avr/lib/avr5\libm.a(fp_inf.o)
                              c:/program files (x86)/atmel/studio/7.0/toolchain/avr8/avr8-gnu-toolchain/bin/../lib/gcc/avr/5.4.0/../../../../avr/lib/avr5\libm.a(addsf3x.o) (__fp_inf)
c:/program files (x86)/atmel/studio/7.0/toolchain/avr8/avr8-gnu-toolchain/bin/../lib/gcc/avr/5.4.0/../../../../avr/lib/avr5\libm.a(fp_nan.o)
                              c:/program files (x86)/atmel/studio/7.0/toolchain/avr8/avr8-gnu-toolchain/bin/../lib/gcc/avr/5.4.0/../../../../avr/lib/avr5\libm.a(addsf3x.o) (__fp_nan)
c:/program files (x86)/atmel/studio/7.0/toolchain/avr8/avr8-gnu-toolchain/bin/../lib/gcc/avr/5.4.0/../../../../avr/lib/avr5\libm.a(fp_pscA.o)
                              c:/program files (x86)/atmel/studio/7.0/toolchain/avr8/avr8-gnu-toolchain/bin/../lib/gcc/avr/5.4.0/../../../../avr/lib/avr5\libm.a(addsf3x.o) (__fp_pscA)
c:/program files (x86)/atmel/studio/7.0/toolchain/avr8/avr8-gnu-toolchain/bin/../lib/gcc/avr/5.4.0/../../../../avr/lib/avr5\libm.a(fp_pscB.o)
                              c:/program files (x86)/atmel/studio/7.0/toolchain/avr8/avr8-gnu-toolchain/bin/../lib/gcc/avr/5.4.0/../../../../avr/lib/avr5\libm.a(addsf3x.o) (__fp_pscB)
c:/program files (x86)/atmel/studio/7.0/toolchain/avr8/avr8-gnu-toolchain/bin/../lib/gcc/avr/5.4.0/../../../../avr/lib/avr5\libm.a(fp_round.o)
                              c:/program files (x86)/atmel/studio/7.0/toolchain/avr8/avr8-gnu-toolchain/bin/../lib/gcc/avr/5.4.0/../../../../avr/lib/avr5\libm.a(addsf3.o) (__fp_round)
c:/program files (x86)/atmel/studio/7.0/toolchain/avr8/avr8-gnu-toolchain/bin/../lib/gcc/avr/5.4.0/../../../../avr/lib/avr5\libm.a(fp_split3.o)
                              c:/program files (x86)/atmel/studio/7.0/toolchain/avr8/avr8-gnu-toolchain/bin/../lib/gcc/avr/5.4.0/../../../../avr/lib/avr5\libm.a(addsf3x.o) (__fp_split3)
c:/program files (x86)/atmel/studio/7.0/toolchain/avr8/avr8-gnu-toolchain/bin/../lib/gcc/avr/5.4.0/../../../../avr/lib/avr5\libm.a(fp_zero.o)
                              c:/program files (x86)/atmel/studio/7.0/toolchain/avr8/avr8-gnu-toolchain/bin/../lib/gcc/avr/5.4.0/../../../../avr/lib/avr5\libm.a(addsf3x.o) (__fp_zero)
c:/program files (x86)/atmel/studio/7.0/toolchain/avr8/avr8-gnu-toolchain/bin/../lib/gcc/avr/5.4.0/../../../../avr/lib/avr5\libm.a(gesf2.o)
                              HAL/LCD.o (__gesf2)
c:/program files (x86)/atmel/studio/7.0/toolchain/avr8/avr8-gnu-toolchain/bin/../lib/gcc/avr/5.4.0/../../../../avr/lib/avr5\libm.a(mulsf3.o)
                              application/Motors_Dashboard.o (__mulsf3)
[...]
Memory Configuration

Name             Origin             Length             Attributes
text             0x00000000         0x00008000         xr
data             0x00800060         0x00000800         rw !x
eeprom           0x00810000         0x00000400         rw !x
fuse             0x00820000         0x00000002         rw !x
lock             0x00830000         0x00000400         rw !x
signature        0x00840000         0x00000400         rw !x
user_signatures  0x00850000         0x00000400         rw !x
*default*        0x00000000         0xffffffff

Linker script and memory map

LOAD C:/Program Files (x86)/Atmel/Studio/7.0/Packs/atmel/ATmega_DFP/1.7.374/gcc/dev/atmega32/avr5/crtatmega32.o
LOAD application/Calculator_Converter.o
LOAD application/changePassward.o
LOAD application/Fire_System.o
LOAD application/Motors_Dashboard.o
LOAD application/RC_car.o
LOAD application/RGB.o
LOAD application/Smart_Home.o
LOAD application/ALARM_master.o
LOAD application/STOP_Watch.o
LOAD application/ultrasonics_and_servo.o
LOAD HAL/BUTTON.o
LOAD HAL/BUZZER.o
LOAD HAL/KEYPAD.o
LOAD HAL/LCD.o
LOAD HAL/LED.o
LOAD HAL/LM35.o
LOAD HAL/MOTOR.o
LOAD HAL/MQ_2.o
LOAD HAL/POTONTIOMETER.o
LOAD HAL/RGB_LED.o
LOAD HAL/SEGMENTS.o
LOAD HAL/SERVO.o
LOAD HAL/STEPPER_MOTOR.o
LOAD HAL/ultrasonic.o
LOAD main.o
LOAD MCAL/ADC.o
LOAD MCAL/DIO.o
LOAD MCAL/DIO_Lcfg.o
LOAD MCAL/EEPROM.o
LOAD MCAL/EXI.o
LOAD MCAL/SPI.o
LOAD MCAL/TIMER0.o
LOAD MCAL/TIMER1.o
LOAD MCAL/UART.o
LOAD MCAL/WDT.o
LOAD SERVICES/SPI_SERVICES.o
LOAD SERVICES/TIMER_SERVICES.o
LOAD SERVICES/UART_SERVICES.o
START GROUP
LOAD c:/program files (x86)/atmel/studio/7.0/toolchain/avr8/avr8-gnu-toolchain/bin/../lib/gcc/avr/5.4.0/../../../../avr/lib/avr5\libm.a
END GROUP
START GROUP
LOAD c:/program files (x86)/atmel/studio/7.0/toolchain/avr8/avr8-gnu-toolchain/bin/../lib/gcc/avr/5.4.0/avr5\libgcc.a
LOAD c:/program files (x86)/atmel/studio/7.0/toolchain/avr8/avr8-gnu-toolchain/bin/../lib/gcc/avr/5.4.0/../../../../avr/lib/avr5\libm.a
LOAD c:/program files (x86)/atmel/studio/7.0/toolchain/avr8/avr8-gnu-toolchain/bin/../lib/gcc/avr/5.4.0/../../../../avr/lib/avr5\libc.a
LOAD C:/Program Files (x86)/Atmel/Studio/7.0/Packs/atmel/ATmega_DFP/1.7.374/gcc/dev/atmega32/avr5\libatmega32.a
END GROUP
                0x00000000                __TEXT_REGION_ORIGIN__ = DEFINED (__TEXT_REGION_ORIGIN__)?__TEXT_REGION_ORIGIN__:0x0
                [0x00800060]                __DATA_REGION_ORIGIN__ = DEFINED (__DATA_REGION_ORIGIN__)?__DATA_REGION_ORIGIN__:0x800060
                [0x00008000]                __TEXT_REGION_LENGTH__ = DEFINED (__TEXT_REGION_LENGTH__)?__TEXT_REGION_LENGTH__:0x20000
                [0x00000800]                __DATA_REGION_LENGTH__ = DEFINED (__DATA_REGION_LENGTH__)?__DATA_REGION_LENGTH__:0xffa0
                [0x00000400]                __EEPROM_REGION_LENGTH__ = DEFINED (__EEPROM_REGION_LENGTH__)?__EEPROM_REGION_LENGTH__:0x10000
                [0x00000002]                __FUSE_REGION_LENGTH__ = DEFINED (__FUSE_REGION_LENGTH__)?__FUSE_REGION_LENGTH__:0x400
                0x00000400                __LOCK_REGION_LENGTH__ = DEFINED (__LOCK_REGION_LENGTH__)?__LOCK_REGION_LENGTH__:0x400
                0x00000400                __SIGNATURE_REGION_LENGTH__ = DEFINED (__SIGNATURE_REGION_LENGTH__)?__SIGNATURE_REGION_LENGTH__:0x400
                0x00000400                __USER_SIGNATURE_REGION_LENGTH__ = DEFINED (__USER_SIGNATURE_REGION_LENGTH__)?__USER_SIGNATURE_REGION_LENGTH__:0x400

.hash
 *(.hash)

.dynsym
 *(.dynsym)

.dynstr
 *(.dynstr)

.gnu.version
 *(.gnu.version)

.gnu.version_d
 *(.gnu.version_d)

.gnu.version_r
 *(.gnu.version_r)

.rel.init
 *(.rel.init)

.rela.init
 *(.rela.init)

.rel.text
 *(.rel.text)
 *(.rel.text.*)
 *(.rel.gnu.linkonce.t*)

.rela.text
 *(.rela.text)
 *(.rela.text.*)
 *(.rela.gnu.linkonce.t*)

.rel.fini
 *(.rel.fini)

.rela.fini
 *(.rela.fini)

.rel.rodata
 *(.rel.rodata)
 *(.rel.rodata.*)
 *(.rel.gnu.linkonce.r*)

.rela.rodata
 *(.rela.rodata)
 *(.rela.rodata.*)
 *(.rela.gnu.linkonce.r*)

.rel.data
 *(.rel.data)
 *(.rel.data.*)
 *(.rel.gnu.linkonce.d*)

.rela.data
 *(.rela.data)
 *(.rela.data.*)
 *(.rela.gnu.linkonce.d*)

.rel.ctors
 *(.rel.ctors)

.rela.ctors
 *(.rela.ctors)

.rel.dtors
 *(.rel.dtors)

.rela.dtors
 *(.rela.dtors)

.rel.got
 *(.rel.got)

.rela.got
 *(.rela.got)

.rel.bss
 *(.rel.bss)

.rela.bss
 *(.rela.bss)

.rel.plt
 *(.rel.plt)

.rela.plt
 *(.rela.plt)

.text           0x00000000     0x1b4e
 *(.vectors)
 .vectors       0x00000000       0x54 C:/Program Files (x86)/Atmel/Studio/7.0/Packs/atmel/ATmega_DFP/1.7.374/gcc/dev/atmega32/avr5/crtatmega32.o
                0x00000000                __vector_default
                0x00000000                __vectors
 *(.vectors)
 *(.progmem.gcc*)
 .progmem.gcc_sw_table.ADC_Init
                0x00000054        0xe MCAL/ADC.o
 .progmem.gcc_sw_table.ADC_Read_Polling
                0x00000062       0x10 MCAL/ADC.o
 .progmem.gcc_sw_table.TIMER1_Init
                0x00000072       0x20 MCAL/TIMER1.o
                0x00000092                . = ALIGN (0x2)
                0x00000092                __trampolines_start = .
 *(.trampolines)
 .trampolines   0x00000092        0x0 linker stubs
 *(.trampolines*)
                0x00000092                __trampolines_end = .
 *libprintf_flt.a:*(.progmem.data)
 *libc.a:*(.progmem.data)
 *(.progmem*)
                0x00000092                . = ALIGN (0x2)
 *(.jumptables)
 *(.jumptables*)
 *(.lowtext)
 *(.lowtext*)
                0x00000092                __ctors_start = .
 *(.ctors)
                0x00000092                __ctors_end = .
                0x00000092                __dtors_start = .
 *(.dtors)
                0x00000092                __dtors_end = .
 SORT(*)(.ctors)
 SORT(*)(.dtors)
 *(.init0)
 .init0         0x00000092        0x0 C:/Program Files (x86)/Atmel/Studio/7.0/Packs/atmel/ATmega_DFP/1.7.374/gcc/dev/atmega32/avr5/crtatmega32.o
                0x00000092                __init
 *(.init0)
 *(.init1)
 *(.init1)
 *(.init2)
 .init2         0x00000092        0xc C:/Program Files (x86)/Atmel/Studio/7.0/Packs/atmel/ATmega_DFP/1.7.374/gcc/dev/atmega32/avr5/crtatmega32.o
 *(.init2)
 *(.init3)
 *(.init3)
 *(.init4)
 .init4         0x0000009e       0x16 c:/program files (x86)/atmel/studio/7.0/toolchain/avr8/avr8-gnu-toolchain/bin/../lib/gcc/avr/5.4.0/avr5\libgcc.a(_copy_data.o)
                0x0000009e                __do_copy_data
 .init4         0x000000b4       0x10 c:/program files (x86)/atmel/studio/7.0/toolchain/avr8/avr8-gnu-toolchain/bin/../lib/gcc/avr/5.4.0/avr5\libgcc.a(_clear_bss.o)
                0x000000b4                __do_clear_bss
 *(.init4)
 *(.init5)
 *(.init5)
 *(.init6)
 *(.init6)
 *(.init7)
 *(.init7)
 *(.init8)
 *(.init8)
 *(.init9)
 .init9         0x000000c4        0x8 C:/Program Files (x86)/Atmel/Studio/7.0/Packs/atmel/ATmega_DFP/1.7.374/gcc/dev/atmega32/avr5/crtatmega32.o
 *(.init9)
 *(.text)
 .text          0x000000cc        0x4 C:/Program Files (x86)/Atmel/Studio/7.0/Packs/atmel/ATmega_DFP/1.7.374/gcc/dev/atmega32/avr5/crtatmega32.o
                0x000000cc                __vector_17
                0x000000cc                __vector_19
                0x000000cc                __vector_5
                0x000000cc                __vector_4
                0x000000cc                __vector_18
                0x000000cc                __vector_20
                0x000000cc                __bad_interrupt
                0x000000d0                . = ALIGN (0x2)
 *(.text.*)
 .text.EEPROM_passwardRetrieval.part.0.constprop.2
                0x000000d0       0x52 application/changePassward.o
 .text.changePassward_Init
                0x00000122       0x98 application/changePassward.o
                0x00000122                changePassward_Init
 .text.changePassward_Run
                0x000001ba      0x28e application/changePassward.o
                0x000001ba                changePassward_Run
 .text.Fire_System_State_Fine
                0x00000448       0x60 application/Fire_System.o
 .text.Fire_System_State_Fire
                0x000004a8      0x11a application/Fire_System.o
 .text.Fire_System_Init
                0x000005c2       0x44 application/Fire_System.o
                0x000005c2                Fire_System_Init
 .text.Fire_System_Run
                0x00000606       0xda application/Fire_System.o
                0x00000606                Fire_System_Run
 .text.KEYPAD_IsPressed
                0x000006e0       0x72 HAL/KEYPAD.o
 .text.KEYPAD_GetKey
                0x00000752       0xea HAL/KEYPAD.o
                0x00000752                KEYPAD_GetKey
 .text.LCD_WriteCommand
                0x0000083c       0xb4 HAL/LCD.o
                0x0000083c                LCD_WriteCommand
 .text.LCD_WriteData
                0x000008f0       0xb4 HAL/LCD.o
                0x000008f0                LCD_WriteData
 .text.LCD_Init
                0x000009a4       0x76 HAL/LCD.o
                0x000009a4                LCD_Init
 .text.LCD_Clear
                0x00000a1a       0x14 HAL/LCD.o
                0x00000a1a                LCD_Clear
 .text.LCD_GoTo
                0x00000a2e       0x18 HAL/LCD.o
                0x00000a2e                LCD_GoTo
 .text.LCD_WriteString
                0x00000a46       0x26 HAL/LCD.o
                0x00000a46                LCD_WriteString
 .text.LCD_WriteNumber
                0x00000a6c       0xd4 HAL/LCD.o
                0x00000a6c                LCD_WriteNumber
 .text.LCD_WriteNumber_4Digit
                0x00000b40       0x64 HAL/LCD.o
                0x00000b40                LCD_WriteNumber_4Digit
 .text.LED2_On  0x00000ba4        0x8 HAL/LED.o
                0x00000ba4                LED2_On
 .text.LED2_Off
                0x00000bac        0x8 HAL/LED.o
                0x00000bac                LED2_Off
 .text.LED3_On  0x00000bb4        0x8 HAL/LED.o
                0x00000bb4                LED3_On
 .text.LED1_On  0x00000bbc        0x4 HAL/LED.o
                0x00000bbc                LED1_On
 .text.LED3_Off
                0x00000bc0        0x8 HAL/LED.o
                0x00000bc0                LED3_Off
 .text.LED1_Off
                0x00000bc8        0x4 HAL/LED.o
                0x00000bc8                LED1_Off
 .text.LM35     0x00000bcc        0xe HAL/LM35.o
                0x00000bcc                LM35
 .text.MQ_2     0x00000bda       0x30 HAL/MQ_2.o
                0x00000bda                MQ_2
 .text.SERVO_setAngle
                0x00000c0a       0x3a HAL/SERVO.o
                0x00000c0a                SERVO_setAngle
 .text.startup.main
                0x00000c44        0xa main.o
                0x00000c44                main
 .text.ADC_Init
                0x00000c4e       0x58 MCAL/ADC.o
                0x00000c4e                ADC_Init
 .text.ADC_Enable
                0x00000ca6        0x4 MCAL/ADC.o
                0x00000ca6                ADC_Enable
 .text.ADC_Read_Polling
                0x00000caa       0x4c MCAL/ADC.o
                0x00000caa                ADC_Read_Polling
 .text.ADC_GetVolt
                0x00000cf6       0x22 MCAL/ADC.o
                0x00000cf6                ADC_GetVolt
 .text.__vector_16
                0x00000d18       0x52 MCAL/ADC.o
                0x00000d18                __vector_16
 .text.DIO_Init
                0x00000d6a      0x1be MCAL/DIO.o
                0x00000d6a                DIO_Init
 .text.DIO_WritePin
                0x00000f28       0xf6 MCAL/DIO.o
                0x00000f28                DIO_WritePin
 .text.DIO_ReadPin
                0x0000101e       0x4a MCAL/DIO.o
                0x0000101e                DIO_ReadPin
 .text.EEPROM_write
                0x00001068       0x14 MCAL/EEPROM.o
                0x00001068                EEPROM_write
 .text.EEPROM_read
                0x0000107c       0x10 MCAL/EEPROM.o
                0x0000107c                EEPROM_read
 .text.__vector_1
                0x0000108c       0x52 MCAL/EXI.o
                0x0000108c                __vector_1
 .text.__vector_2
                0x000010de       0x52 MCAL/EXI.o
                0x000010de                __vector_2
 .text.__vector_3
                0x00001130       0x52 MCAL/EXI.o
                0x00001130                __vector_3
 .text.__vector_12
                0x00001182       0x52 MCAL/SPI.o
                0x00001182                __vector_12
 .text.__vector_10
                0x000011d4       0x52 MCAL/TIMER0.o
                0x000011d4                __vector_10
 .text.__vector_11
                0x00001226       0x52 MCAL/TIMER0.o
                0x00001226                __vector_11
 .text.TIMER1_Init
                0x00001278      0x190 MCAL/TIMER1.o
                0x00001278                TIMER1_Init
 .text.__vector_7
                0x00001408       0x52 MCAL/TIMER1.o
                0x00001408                __vector_7
 .text.__vector_8
                0x0000145a       0x52 MCAL/TIMER1.o
                0x0000145a                __vector_8
 .text.__vector_9
                0x000014ac       0x52 MCAL/TIMER1.o
                0x000014ac                __vector_9
 .text.__vector_6
                0x000014fe       0x52 MCAL/TIMER1.o
                0x000014fe                __vector_6
 .text.__vector_13
                0x00001550       0x52 MCAL/UART.o
                0x00001550                __vector_13
 .text.__vector_15
                0x000015a2       0x52 MCAL/UART.o
                0x000015a2                __vector_15
 .text.__vector_14
                0x000015f4       0x52 MCAL/UART.o
                0x000015f4                __vector_14
 .text.avr-libc.fplib
                0x00001646        0xe c:/program files (x86)/atmel/studio/7.0/toolchain/avr8/avr8-gnu-toolchain/bin/../lib/gcc/avr/5.4.0/../../../../avr/lib/avr5\libm.a(addsf3.o)
                0x00001646                __subsf3
                0x00001648                __addsf3
 .text.avr-libc.fplib
                0x00001654       0xcc c:/program files (x86)/atmel/studio/7.0/toolchain/avr8/avr8-gnu-toolchain/bin/../lib/gcc/avr/5.4.0/../../../../avr/lib/avr5\libm.a(addsf3x.o)
                0x00001676                __addsf3x
 .text.avr-libc.fplib
                0x00001720        0xa c:/program files (x86)/atmel/studio/7.0/toolchain/avr8/avr8-gnu-toolchain/bin/../lib/gcc/avr/5.4.0/../../../../avr/lib/avr5\libm.a(cmpsf2.o)
                0x00001720                __nesf2
                0x00001720                __eqsf2
                0x00001720                __cmpsf2
                0x00001720                __ltsf2
                0x00001720                __lesf2
 .text.avr-libc.fplib
                0x0000172a        0x8 c:/program files (x86)/atmel/studio/7.0/toolchain/avr8/avr8-gnu-toolchain/bin/../lib/gcc/avr/5.4.0/../../../../avr/lib/avr5\libm.a(divsf3.o)
                0x0000172a                __divsf3
 .text.avr-libc.fplib
                0x00001732       0xdc c:/program files (x86)/atmel/studio/7.0/toolchain/avr8/avr8-gnu-toolchain/bin/../lib/gcc/avr/5.4.0/../../../../avr/lib/avr5\libm.a(divsf3x.o)
                0x00001752                __divsf3x
                0x00001758                __divsf3_pse
 .text.avr-libc.fplib
                0x0000180e       0x5e c:/program files (x86)/atmel/studio/7.0/toolchain/avr8/avr8-gnu-toolchain/bin/../lib/gcc/avr/5.4.0/../../../../avr/lib/avr5\libm.a(fixunssfsi.o)
                0x0000180e                __fixunssfsi
 .text.avr-libc.fplib
                0x0000186c       0x7a c:/program files (x86)/atmel/studio/7.0/toolchain/avr8/avr8-gnu-toolchain/bin/../lib/gcc/avr/5.4.0/../../../../avr/lib/avr5\libm.a(floatsisf.o)
                0x0000186c                __floatunsisf
                0x00001870                __floatsisf
 .text.avr-libc.fplib
                0x000018e6       0x48 c:/program files (x86)/atmel/studio/7.0/toolchain/avr8/avr8-gnu-toolchain/bin/../lib/gcc/avr/5.4.0/../../../../avr/lib/avr5\libm.a(fp_cmp.o)
                0x000018e6                __fp_cmp
 .text.avr-libc.fplib
                0x0000192e        0xc c:/program files (x86)/atmel/studio/7.0/toolchain/avr8/avr8-gnu-toolchain/bin/../lib/gcc/avr/5.4.0/../../../../avr/lib/avr5\libm.a(fp_inf.o)
                0x0000192e                __fp_inf
 .text.avr-libc.fplib
                0x0000193a        0x6 c:/program files (x86)/atmel/studio/7.0/toolchain/avr8/avr8-gnu-toolchain/bin/../lib/gcc/avr/5.4.0/../../../../avr/lib/avr5\libm.a(fp_nan.o)
                0x0000193a                __fp_nan
 .text.avr-libc.fplib
                0x00001940        0xe c:/program files (x86)/atmel/studio/7.0/toolchain/avr8/avr8-gnu-toolchain/bin/../lib/gcc/avr/5.4.0/../../../../avr/lib/avr5\libm.a(fp_pscA.o)
                0x00001940                __fp_pscA
 .text.avr-libc.fplib
                0x0000194e        0xe c:/program files (x86)/atmel/studio/7.0/toolchain/avr8/avr8-gnu-toolchain/bin/../lib/gcc/avr/5.4.0/../../../../avr/lib/avr5\libm.a(fp_pscB.o)
                0x0000194e                __fp_pscB
 .text.avr-libc.fplib
                0x0000195c       0x22 c:/program files (x86)/atmel/studio/7.0/toolchain/avr8/avr8-gnu-toolchain/bin/../lib/gcc/avr/5.4.0/../../../../avr/lib/avr5\libm.a(fp_round.o)
                0x0000195c                __fp_round
 .text.avr-libc.fplib
                0x0000197e       0x44 c:/program files (x86)/atmel/studio/7.0/toolchain/avr8/avr8-gnu-toolchain/bin/../lib/gcc/avr/5.4.0/../../../../avr/lib/avr5\libm.a(fp_split3.o)
                0x0000197e                __fp_split3
                0x0000198e                __fp_splitA
 .text.avr-libc.fplib
                0x000019c2        0xe c:/program files (x86)/atmel/studio/7.0/toolchain/avr8/avr8-gnu-toolchain/bin/../lib/gcc/avr/5.4.0/../../../../avr/lib/avr5\libm.a(fp_zero.o)
                0x000019c2                __fp_zero
                0x000019c4                __fp_szero
 .text.avr-libc.fplib
                0x000019d0        0xa c:/program files (x86)/atmel/studio/7.0/toolchain/avr8/avr8-gnu-toolchain/bin/../lib/gcc/avr/5.4.0/../../../../avr/lib/avr5\libm.a(gesf2.o)
                0x000019d0                __gesf2
                0x000019d0                __gtsf2
 .text.avr-libc.fplib
                0x000019da        0x8 c:/program files (x86)/atmel/studio/7.0/toolchain/avr8/avr8-gnu-toolchain/bin/../lib/gcc/avr/5.4.0/../../../../avr/lib/avr5\libm.a(mulsf3.o)
                0x000019da                __mulsf3
 .text.avr-libc.fplib
                0x000019e2       0xd2 c:/program files (x86)/atmel/studio/7.0/toolchain/avr8/avr8-gnu-toolchain/bin/../lib/gcc/avr/5.4.0/../../../../avr/lib/avr5\libm.a(mulsf3x.o)
                0x00001a00                __mulsf3x
                0x00001a06                __mulsf3_pse
 .text.libgcc.div
                0x00001ab4       0x28 c:/program files (x86)/atmel/studio/7.0/toolchain/avr8/avr8-gnu-toolchain/bin/../lib/gcc/avr/5.4.0/avr5\libgcc.a(_udivmodhi4.o)
                0x00001ab4                __udivmodhi4
 .text.libgcc.div
                0x00001adc       0x44 c:/program files (x86)/atmel/studio/7.0/toolchain/avr8/avr8-gnu-toolchain/bin/../lib/gcc/avr/5.4.0/avr5\libgcc.a(_udivmodsi4.o)
                0x00001adc                __udivmodsi4
 .text.libgcc   0x00001b20        0xc c:/program files (x86)/atmel/studio/7.0/toolchain/avr8/avr8-gnu-toolchain/bin/../lib/gcc/avr/5.4.0/avr5\libgcc.a(_tablejump2.o)
                0x00001b20                __tablejump2__
 .text.libgcc.mul
                0x00001b2c       0x1e c:/program files (x86)/atmel/studio/7.0/toolchain/avr8/avr8-gnu-toolchain/bin/../lib/gcc/avr/5.4.0/avr5\libgcc.a(_umulhisi3.o)
                0x00001b2c                __umulhisi3
                0x00001b4a                . = ALIGN (0x2)
 *(.fini9)
 .fini9         0x00001b4a        0x0 c:/program files (x86)/atmel/studio/7.0/toolchain/avr8/avr8-gnu-toolchain/bin/../lib/gcc/avr/5.4.0/avr5\libgcc.a(_exit.o)
                0x00001b4a                _exit
                0x00001b4a                exit
 *(.fini9)
 *(.fini8)
 *(.fini8)
 *(.fini7)
 *(.fini7)
 *(.fini6)
 *(.fini6)
 *(.fini5)
 *(.fini5)
 *(.fini4)
 *(.fini4)
 *(.fini3)
 *(.fini3)
 *(.fini2)
 *(.fini2)
 *(.fini1)
 *(.fini1)
 *(.fini0)
 .fini0         0x00001b4a        0x4 c:/program files (x86)/atmel/studio/7.0/toolchain/avr8/avr8-gnu-toolchain/bin/../lib/gcc/avr/5.4.0/avr5\libgcc.a(_exit.o)
 *(.fini0)
                0x00001b4e                _etext = .

.data           0x00800060       0x58 load address 0x00001b4e
                0x00800060                PROVIDE (__data_start, .)
 *(.data)
 *(.data*)
 .data.passwardAddress
                0x00800060        0x2 application/changePassward.o
 .data.counterAddress
                0x00800062        0x2 application/changePassward.o
 .data.angle    0x00800064        0x4 application/Fire_System.o
 *(.gnu.linkonce.d*)
 *(.rodata)
 *(.rodata*)
 .rodata.str1.1
                0x00800068        0x5 application/changePassward.o
 .rodata.str1.1
                0x0080006d       0x1b application/Fire_System.o
 .rodata.KEYPAD
                0x00800088       0x10 HAL/KEYPAD.o
 .rodata.PinsStatusArray
                0x00800098       0x20 MCAL/DIO_Lcfg.o
                0x00800098                PinsStatusArray
 *(.gnu.linkonce.r*)
                0x008000b8                . = ALIGN (0x2)
                0x008000b8                _edata = .
                0x008000b8                PROVIDE (__data_end, .)

.bss            0x008000b8       0x49
                0x008000b8                PROVIDE (__bss_start, .)
 *(.bss)
 *(.bss*)
 .bss.index.1879
                0x008000b8        0x2 application/changePassward.o
 .bss.changePasswardFlag.1878
                0x008000ba        0x1 application/changePassward.o
 .bss.lastKey.1872
                0x008000bb        0x2 application/changePassward.o
 .bss.key       0x008000bd        0x1 application/changePassward.o
 .bss.noOfCTriggers
                0x008000be        0x1 application/changePassward.o
 .bss.passward  0x008000bf        0xa application/changePassward.o
 .bss.dataAddress
                0x008000c9        0x2 application/changePassward.o
 .bss.eepromWriteCounter
                0x008000cb        0x2 application/changePassward.o
 .bss.servoDirection.2009
                0x008000cd        0x1 application/Fire_System.o
 .bss.mode      0x008000ce        0x1 application/Fire_System.o
 .bss.fireMode  0x008000cf        0x1 application/Fire_System.o
 .bss.smoke     0x008000d0        0x2 application/Fire_System.o
 .bss.temperature
                0x008000d2        0x2 application/Fire_System.o
 .bss.PressedFlag
                0x008000d4       0x10 HAL/KEYPAD.o
 .bss.key       0x008000e4        0x1 HAL/KEYPAD.o
 .bss.funcptr   0x008000e5        0x2 MCAL/ADC.o
 .bss.FUNC_PTR2
                0x008000e7        0x2 MCAL/EXI.o
 .bss.FUNC_PTR1
                0x008000e9        0x2 MCAL/EXI.o
 .bss.FUNC_PTR0
                0x008000eb        0x2 MCAL/EXI.o
 .bss.SPI_INTERRUP_PTR
                0x008000ed        0x2 MCAL/SPI.o
 .bss.funcPtrOverflow
                0x008000ef        0x2 MCAL/TIMER0.o
 .bss.funcPtrCompareMatch
                0x008000f1        0x2 MCAL/TIMER0.o
 .bss.funcPtrTimeStamp
                0x008000f3        0x2 MCAL/TIMER1.o
 .bss.funcPtrOverflow
                0x008000f5        0x2 MCAL/TIMER1.o
 .bss.funcPtrCompareMatch1B
                0x008000f7        0x2 MCAL/TIMER1.o
 .bss.funcPtrCompareMatch1A
                0x008000f9        0x2 MCAL/TIMER1.o
 .bss.UDRemptyInterruptPTR
                0x008000fb        0x2 MCAL/UART.o
 .bss.TXcomplateInterruptPTR
                0x008000fd        0x2 MCAL/UART.o
 .bss.RXcomplateInterruptPTR
                0x008000ff        0x2 MCAL/UART.o
 *(COMMON)
                0x00800101                PROVIDE (__bss_end, .)
                0x00001b4e                __data_load_start = LOADADDR (.data)
                0x00001ba6                __data_load_end = (__data_load_start + SIZEOF (.data))

.noinit         0x00800101        0x0
                [!provide]                PROVIDE (__noinit_start, .)
 *(.noinit*)
                [!provide]                PROVIDE (__noinit_end, .)
                0x00800101                _end = .
                [!provide]                PROVIDE (__heap_start, .)

.eeprom         0x00810000        0x0
 *(.eeprom*)
                0x00810000                __eeprom_end = .

.fuse
 *(.fuse)
 *(.lfuse)
 *(.hfuse)
 *(.efuse)

.lock
 *(.lock*)

.signature
 *(.signature*)

.user_signatures
 *(.user_signatures*)

.stab
 *(.stab)

.stabstr
 *(.stabstr)

.stab.excl
 *(.stab.excl)

.stab.exclstr
 *(.stab.exclstr)

.stab.index
 *(.stab.index)

.stab.indexstr
 *(.stab.indexstr)

.comment        0x00000000       0x30
 *(.comment)
 .comment       0x00000000       0x30 application/changePassward.o
                                 0x31 (size before relaxing)
 .comment       0x00000030       0x31 application/Fire_System.o
 .comment       0x00000030       0x31 HAL/KEYPAD.o
 .comment       0x00000030       0x31 HAL/LCD.o
 .comment       0x00000030       0x31 HAL/LED.o
 .comment       0x00000030       0x31 HAL/LM35.o
 .comment       0x00000030       0x31 HAL/MQ_2.o
 .comment       0x00000030       0x31 HAL/SERVO.o
 .comment       0x00000030       0x31 main.o
 .comment       0x00000030       0x31 MCAL/ADC.o
 .comment       0x00000030       0x31 MCAL/DIO.o
 .comment       0x00000030       0x31 MCAL/DIO_Lcfg.o
 .comment       0x00000030       0x31 MCAL/EEPROM.o
 .comment       0x00000030       0x31 MCAL/EXI.o
 .comment       0x00000030       0x31 MCAL/SPI.o
 .comment       0x00000030       0x31 MCAL/TIMER0.o
 .comment       0x00000030       0x31 MCAL/TIMER1.o
 .comment       0x00000030       0x31 MCAL/UART.o

.note.gnu.avr.deviceinfo
                0x00000000       0x3c
 .note.gnu.avr.deviceinfo
                0x00000000       0x3c C:/Program Files (x86)/Atmel/Studio/7.0/Packs/atmel/ATmega_DFP/1.7.374/gcc/dev/atmega32/avr5/crtatmega32.o

.note.gnu.build-id
 *(.note.gnu.build-id)

.debug
 *(.debug)

.line
 *(.line)

.debug_srcinfo
 *(.debug_srcinfo)

.debug_sfnames
 *(.debug_sfnames)

.debug_aranges
 *(.debug_aranges)

.debug_pubnames
 *(.debug_pubnames)

.debug_info     0x00000000      0x4e6
 *(.debug_info .gnu.linkonce.wi.*)
 .debug_info    0x00000000      0x4e6 C:/Program Files (x86)/Atmel/Studio/7.0/Packs/atmel/ATmega_DFP/1.7.374/gcc/dev/atmega32/avr5/crtatmega32.o

.debug_abbrev   0x00000000      0x4a3
 *(.debug_abbrev)
 .debug_abbrev  0x00000000      0x4a3 C:/Program Files (x86)/Atmel/Studio/7.0/Packs/atmel/ATmega_DFP/1.7.374/gcc/dev/atmega32/avr5/crtatmega32.o

.debug_line     0x00000000      0x116
 *(.debug_line .debug_line.* .debug_line_end)
 .debug_line    0x00000000      0x116 C:/Program Files (x86)/Atmel/Studio/7.0/Packs/atmel/ATmega_DFP/1.7.374/gcc/dev/atmega32/avr5/crtatmega32.o

.debug_frame
 *(.debug_frame)

.debug_str      0x00000000      0x196
 *(.debug_str)
 .debug_str     0x00000000      0x196 C:/Program Files (x86)/Atmel/Studio/7.0/Packs/atmel/ATmega_DFP/1.7.374/gcc/dev/atmega32/avr5/crtatmega32.o

.debug_loc
 *(.debug_loc)

.debug_macinfo
 *(.debug_macinfo)

.debug_weaknames
 *(.debug_weaknames)

.debug_funcnames
 *(.debug_funcnames)

.debug_typenames
 *(.debug_typenames)

.debug_varnames
 *(.debug_varnames)

.debug_pubtypes
 *(.debug_pubtypes)

.debug_ranges
 *(.debug_ranges)

.debug_macro
 *(.debug_macro)
OUTPUT(atmega32_ECU.elf elf32-avr)
LOAD linker stubs
